// Jest Snapshot v1, https://goo.gl/fbAQLP

exports[`TopNav should render correctly 1`] = `
<section
  id="nav-main"
>
  <div
    className="tabs"
  >
    <ul>
      <li
        className=""
        onClick={[Function]}
      >
        <a>
          <span
            className="icon is-small"
          >
            <i
              className="fa fa-image"
            />
          </span>
          Section 1
        </a>
      </li>
      <li
        className=""
        onClick={[Function]}
      >
        <a>
          <span
            className="icon is-small"
          >
            <i
              className="fa fa-film"
            />
          </span>
          Section 2
        </a>
      </li>
      <li
        className=""
        onClick={[Function]}
      >
        <a>
          <span
            className="icon is-small"
          >
            <i
              className="fa fa-book"
            />
          </span>
          Section 3
        </a>
      </li>
    </ul>
  </div>
</section>
`;
